I'm sorry, but errors were detected in your script. Please correct the
errors listed below, and try again.


File "game/script.rpy", line 36: end of line expected.
    scene color = "#ffffff"
                ^

Ren'Py Version: Ren'Py 8.3.4.24120703
Thu Feb  6 01:57:42 2025
